// Jest Snapshot v1, https://goo.gl/fbAQLP

exports[`Signup view should render correctly 1`] = `
<DocumentFragment>
  <div
    class="ui segment"
    data-testid="signup-form"
  >
    <form
      class="ui form"
    >
      <div
        class="field"
      >
        <label>
          Email
        </label>
        <input
          placeholder="Email"
          title="email"
          value=""
        />
      </div>
      <div
        class="field"
      >
        <label>
          Password
        </label>
        <input
          placeholder="Password"
          title="password"
          type="password"
          value=""
        />
      </div>
      <button
        class="ui button"
        type="submit"
      >
        Submit
      </button>
    </form>
  </div>
</DocumentFragment>
`;
